1. Write a trivial "Hello, World!" program
#include <stdio.h>

int main ()
{
  printf("Hello, World!");
}

2. Compile, build and run the program:
$ gcc -o hello hello.c

3. See which dynamic libraries the trivial program uses
$ ldd hello
linux-vdso.so.1 =>  (0x00007ffef6bf2000)
libc.so.6 => /lib64/libc.so.6 (0x00007f2f22fcd000)
/lib64/ld-linux-x86-64.so.2 (0x00007f2f233b2000)

4. See which system calls the trivial program makes
$ strace ./hello
execve("./hello", ["./hello"], [/* 33 vars */]) = 0
brk(0)                                  = 0x152d000
mmap(NULL, 4096, PROT_READ|PROT_WRITE, MAP_PRIVATE|MAP_ANONYMOUS, -1, 0) = 0x7f3ab823d000
access("/etc/ld.so.preload", R_OK)      = -1 ENOENT (No such file or directory)
open("/etc/ld.so.cache", O_RDONLY|O_CLOEXEC) = 3
fstat(3, {st_mode=S_IFREG|0644, st_size=142722, ...}) = 0
mmap(NULL, 142722, PROT_READ, MAP_PRIVATE, 3, 0) = 0x7f3ab821a000
close(3)                                = 0
open("/lib64/libc.so.6", O_RDONLY|O_CLOEXEC) = 3
read(3, "\177ELF\2\1\1\3\0\0\0\0\0\0\0\0\3\0>\0\1\0\0\0 \34\2\0\0\0\0\0"..., 832) = 832
fstat(3, {st_mode=S_IFREG|0755, st_size=2107800, ...}) = 0
mmap(NULL, 3932736, PROT_READ|PROT_EXEC, MAP_PRIVATE|MAP_DENYWRITE, 3, 0) = 0x7f3ab7c5c000
mprotect(0x7f3ab7e12000, 2097152, PROT_NONE) = 0
mmap(0x7f3ab8012000, 24576, PROT_READ|PROT_WRITE, MAP_PRIVATE|MAP_FIXED|MAP_DENYWRITE, 3, 0x1b6000) = 0x7f3ab8012000
mmap(0x7f3ab8018000, 16960, PROT_READ|PROT_WRITE, MAP_PRIVATE|MAP_FIXED|MAP_ANONYMOUS, -1, 0) = 0x7f3ab8018000
close(3)                                = 0
mmap(NULL, 4096, PROT_READ|PROT_WRITE, MAP_PRIVATE|MAP_ANONYMOUS, -1, 0) = 0x7f3ab8219000
mmap(NULL, 8192, PROT_READ|PROT_WRITE, MAP_PRIVATE|MAP_ANONYMOUS, -1, 0) = 0x7f3ab8217000
arch_prctl(ARCH_SET_FS, 0x7f3ab8217740) = 0
mprotect(0x7f3ab8012000, 16384, PROT_READ) = 0
mprotect(0x600000, 4096, PROT_READ)     = 0
mprotect(0x7f3ab823e000, 4096, PROT_READ) = 0
munmap(0x7f3ab821a000, 142722)          = 0
fstat(1, {st_mode=S_IFCHR|0620, st_rdev=makedev(136, 13), ...}) = 0
mmap(NULL, 4096, PROT_READ|PROT_WRITE, MAP_PRIVATE|MAP_ANONYMOUS, -1, 0) = 0x7f3ab823c000
write(1, "Hello, World!", 13Hello, World!)           = 13
exit_group(0)                           = ?
+++ exited with 0 +++

Below are system calls that are related to dynamic linking:
access("/etc/ld.so.preload", R_OK)      = -1 ENOENT (No such file or directory)
open("/etc/ld.so.cache", O_RDONLY|O_CLOEXEC) = 3
open("/lib64/libc.so.6", O_RDONLY|O_CLOEXEC) = 3

These system calls are made to load the dynamic libraries that are needed for the stdio.h.

5. Get a list of two dozen or so commands
$ ls /usr/bin | awk 'NR%101 == 704308016%101'
alias
bzr
composite
desktop-file-validate
eu-findtextrel
gdk-pixbuf-pixdata
gpic
hb-view
infotocap
kde4-config
ksystraycmd
lpq.cups
mkrfc2734
nosetests
pamfixtrunc
pbmtocmuwm
pgmtoppm
pnmhistmap
ppmtoicr
quota
rpmdev-sha256
sha512hmac
sum
timed-read
weather
xmltex

6. Then I go into the /usr/bin folder and invoke ldd on each command
$ cd /usr/bin

$ ldd alias
not a dynamic executable

$ ldd bzr
not a dynamic executable

$ ldd composite
linux-vdso.so.1 =>  (0x00007ffd701fe000)
libMagickCore.so.5 => /lib64/libMagickCore.so.5 (0x00007fdf87013000)
libMagickWand.so.5 => /lib64/libMagickWand.so.5 (0x00007fdf86cfe000)
libtiff.so.5 => /lib64/libtiff.so.5 (0x00007fdf86a8a000)
libjpeg.so.62 => /lib64/libjpeg.so.62 (0x00007fdf86835000)
libfontconfig.so.1 => /lib64/libfontconfig.so.1 (0x00007fdf865f9000)
libfreetype.so.6 => /lib64/libfreetype.so.6 (0x00007fdf86352000)
libXext.so.6 => /lib64/libXext.so.6 (0x00007fdf86140000)
libXt.so.6 => /lib64/libXt.so.6 (0x00007fdf85ed9000)
liblzma.so.5 => /lib64/liblzma.so.5 (0x00007fdf85cb3000)
libbz2.so.1 => /lib64/libbz2.so.1 (0x00007fdf85aa3000)
libz.so.1 => /lib64/libz.so.1 (0x00007fdf8588d000)
libpthread.so.0 => /lib64/libpthread.so.0 (0x00007fdf85670000)
libltdl.so.7 => /lib64/libltdl.so.7 (0x00007fdf85466000)
libSM.so.6 => /lib64/libSM.so.6 (0x00007fdf8525e000)
libICE.so.6 => /lib64/libICE.so.6 (0x00007fdf85041000)
libX11.so.6 => /lib64/libX11.so.6 (0x00007fdf84d03000)
libgomp.so.1 => /lib64/libgomp.so.1 (0x00007fdf84aec000)
libm.so.6 => /lib64/libm.so.6 (0x00007fdf847e9000)
libc.so.6 => /lib64/libc.so.6 (0x00007fdf84428000)
libgcc_s.so.1 => /lib64/libgcc_s.so.1 (0x00007fdf84212000)
libjbig.so.2.0 => /lib64/libjbig.so.2.0 (0x00007fdf84005000)
libexpat.so.1 => /lib64/libexpat.so.1 (0x00007fdf83ddb000)
/lib64/ld-linux-x86-64.so.2 (0x00007fdf874e1000)
libdl.so.2 => /lib64/libdl.so.2 (0x00007fdf83bd6000)
libuuid.so.1 => /lib64/libuuid.so.1 (0x00007fdf839d1000)
libxcb.so.1 => /lib64/libxcb.so.1 (0x00007fdf837b0000)
libXau.so.6 => /lib64/libXau.so.6 (0x00007fdf835ab000)

$ ldd desktop-file-validate
linux-vdso.so.1 =>  (0x00007ffc1f1fe000)
libglib-2.0.so.0 => /lib64/libglib-2.0.so.0 (0x00007f8eeed9f000)
libc.so.6 => /lib64/libc.so.6 (0x00007f8eee9de000)
libpthread.so.0 => /lib64/libpthread.so.0 (0x00007f8eee7c1000)
/lib64/ld-linux-x86-64.so.2 (0x00007f8eef0f6000)

$ ldd eu-findtextrel
linux-vdso.so.1 =>  (0x00007ffe4c7fe000)
libdw.so.1 => /lib64/libdw.so.1 (0x00007f0ced134000)
libelf.so.1 => /lib64/libelf.so.1 (0x00007f0cecf1e000)
libc.so.6 => /lib64/libc.so.6 (0x00007f0cecb5c000)
libdl.so.2 => /lib64/libdl.so.2 (0x00007f0cec958000)
liblzma.so.5 => /lib64/liblzma.so.5 (0x00007f0cec733000)
libbz2.so.1 => /lib64/libbz2.so.1 (0x00007f0cec522000)
libz.so.1 => /lib64/libz.so.1 (0x00007f0cec30c000)
libgcc_s.so.1 => /lib64/libgcc_s.so.1 (0x00007f0cec0f6000)
/lib64/ld-linux-x86-64.so.2 (0x00007f0ced39a000)
libpthread.so.0 => /lib64/libpthread.so.0 (0x00007f0cebed9000)

$ ldd gdk-pixbuf-pixdata
linux-vdso.so.1 =>  (0x00007ffc503fe000)
libgdk_pixbuf-2.0.so.0 => /lib64/libgdk_pixbuf-2.0.so.0 (0x00007fd6c4e57000)
libgmodule-2.0.so.0 => /lib64/libgmodule-2.0.so.0 (0x00007fd6c4c53000)
libgio-2.0.so.0 => /lib64/libgio-2.0.so.0 (0x00007fd6c48de000)
libgobject-2.0.so.0 => /lib64/libgobject-2.0.so.0 (0x00007fd6c468e000)
libglib-2.0.so.0 => /lib64/libglib-2.0.so.0 (0x00007fd6c435b000)
libpng15.so.15 => /lib64/libpng15.so.15 (0x00007fd6c412f000)
libm.so.6 => /lib64/libm.so.6 (0x00007fd6c3e2d000)
libpthread.so.0 => /lib64/libpthread.so.0 (0x00007fd6c3c11000)
libc.so.6 => /lib64/libc.so.6 (0x00007fd6c384f000)
libdl.so.2 => /lib64/libdl.so.2 (0x00007fd6c364b000)
libffi.so.6 => /lib64/libffi.so.6 (0x00007fd6c3443000)
libz.so.1 => /lib64/libz.so.1 (0x00007fd6c322c000)
libselinux.so.1 => /lib64/libselinux.so.1 (0x00007fd6c3007000)
libresolv.so.2 => /lib64/libresolv.so.2 (0x00007fd6c2ded000)
/lib64/ld-linux-x86-64.so.2 (0x00007fd6c509e000)
libpcre.so.1 => /lib64/libpcre.so.1 (0x00007fd6c2b8b000)
liblzma.so.5 => /lib64/liblzma.so.5 (0x00007fd6c2966000)

$ ldd gpic
linux-vdso.so.1 =>  (0x00007ffffd3fe000)
libstdc++.so.6 => /lib64/libstdc++.so.6 (0x00007f60bb220000)
libm.so.6 => /lib64/libm.so.6 (0x00007f60baf1e000)
libgcc_s.so.1 => /lib64/libgcc_s.so.1 (0x00007f60bad07000)
libc.so.6 => /lib64/libc.so.6 (0x00007f60ba946000)
/lib64/ld-linux-x86-64.so.2 (0x00007f60bb54b000)

$ ldd hb-view
linux-vdso.so.1 =>  (0x00007ffe1b1fe000)
libharfbuzz.so.0 => /lib64/libharfbuzz.so.0 (0x00007f1d18e1b000)
libglib-2.0.so.0 => /lib64/libglib-2.0.so.0 (0x00007f1d18ae8000)
libcairo.so.2 => /lib64/libcairo.so.2 (0x00007f1d187c4000)
libfreetype.so.6 => /lib64/libfreetype.so.6 (0x00007f1d1851e000)
libstdc++.so.6 => /lib64/libstdc++.so.6 (0x00007f1d18217000)
libm.so.6 => /lib64/libm.so.6 (0x00007f1d17f14000)
libgcc_s.so.1 => /lib64/libgcc_s.so.1 (0x00007f1d17cfe000)
libc.so.6 => /lib64/libc.so.6 (0x00007f1d1793d000)
libgraphite2.so.3 => /lib64/libgraphite2.so.3 (0x00007f1d17720000)
libpthread.so.0 => /lib64/libpthread.so.0 (0x00007f1d17504000)
libpixman-1.so.0 => /lib64/libpixman-1.so.0 (0x00007f1d17257000)
libfontconfig.so.1 => /lib64/libfontconfig.so.1 (0x00007f1d1701a000)
libEGL.so.1 => /lib64/libEGL.so.1 (0x00007f1d16dfb000)
libdl.so.2 => /lib64/libdl.so.2 (0x00007f1d16bf7000)
libpng15.so.15 => /lib64/libpng15.so.15 (0x00007f1d169cb000)
libxcb-shm.so.0 => /lib64/libxcb-shm.so.0 (0x00007f1d167c8000)
libxcb-render.so.0 => /lib64/libxcb-render.so.0 (0x00007f1d165be000)
libxcb.so.1 => /lib64/libxcb.so.1 (0x00007f1d1639c000)
libXrender.so.1 => /lib64/libXrender.so.1 (0x00007f1d16192000)
libX11.so.6 => /lib64/libX11.so.6 (0x00007f1d15e54000)
libXext.so.6 => /lib64/libXext.so.6 (0x00007f1d15c41000)
libz.so.1 => /lib64/libz.so.1 (0x00007f1d15a2b000)
libGL.so.1 => /lib64/libGL.so.1 (0x00007f1d157c0000)
librt.so.1 => /lib64/librt.so.1 (0x00007f1d155b7000)
/lib64/ld-linux-x86-64.so.2 (0x00007f1d19092000)
libexpat.so.1 => /lib64/libexpat.so.1 (0x00007f1d1538d000)
libX11-xcb.so.1 => /lib64/libX11-xcb.so.1 (0x00007f1d1518a000)
libxcb-dri2.so.0 => /lib64/libxcb-dri2.so.0 (0x00007f1d14f85000)
libxcb-xfixes.so.0 => /lib64/libxcb-xfixes.so.0 (0x00007f1d14d7e000)
libxcb-shape.so.0 => /lib64/libxcb-shape.so.0 (0x00007f1d14b79000)
libgbm.so.1 => /lib64/libgbm.so.1 (0x00007f1d14972000)
libglapi.so.0 => /lib64/libglapi.so.0 (0x00007f1d14748000)
libselinux.so.1 => /lib64/libselinux.so.1 (0x00007f1d14522000)
libdrm.so.2 => /lib64/libdrm.so.2 (0x00007f1d14316000)
libXau.so.6 => /lib64/libXau.so.6 (0x00007f1d14111000)
libXdamage.so.1 => /lib64/libXdamage.so.1 (0x00007f1d13f0e000)
libXfixes.so.3 => /lib64/libXfixes.so.3 (0x00007f1d13d08000)
libxcb-glx.so.0 => /lib64/libxcb-glx.so.0 (0x00007f1d13aed000)
libXxf86vm.so.1 => /lib64/libXxf86vm.so.1 (0x00007f1d138e7000)
libpcre.so.1 => /lib64/libpcre.so.1 (0x00007f1d13685000)
liblzma.so.5 => /lib64/liblzma.so.5 (0x00007f1d13460000)

$ ldd infotocap
linux-vdso.so.1 =>  (0x00007fffb3d4e000)
libtic.so.5 => /lib64/libtic.so.5 (0x00007f71e5848000)
libtinfo.so.5 => /lib64/libtinfo.so.5 (0x00007f71e561e000)
libc.so.6 => /lib64/libc.so.6 (0x00007f71e525c000)
/lib64/ld-linux-x86-64.so.2 (0x00007f71e5a7b000)

$ ldd kde4-config
linux-vdso.so.1 =>  (0x00007fff73eea000)
libkdecore.so.5 => /lib64/libkdecore.so.5 (0x00007ff23786b000)
libQtDBus.so.4 => /lib64/libQtDBus.so.4 (0x00007ff2375ed000)
libQtCore.so.4 => /lib64/libQtCore.so.4 (0x00007ff237101000)
libpthread.so.0 => /lib64/libpthread.so.0 (0x00007ff236ee5000)
libstdc++.so.6 => /lib64/libstdc++.so.6 (0x00007ff236bde000)
libm.so.6 => /lib64/libm.so.6 (0x00007ff2368db000)
libgcc_s.so.1 => /lib64/libgcc_s.so.1 (0x00007ff2366c5000)
libc.so.6 => /lib64/libc.so.6 (0x00007ff236304000)
libQtNetwork.so.4 => /lib64/libQtNetwork.so.4 (0x00007ff235fbc000)
libQtXml.so.4 => /lib64/libQtXml.so.4 (0x00007ff235d78000)
libz.so.1 => /lib64/libz.so.1 (0x00007ff235b62000)
libbz2.so.1 => /lib64/libbz2.so.1 (0x00007ff235951000)
liblzma.so.5 => /lib64/liblzma.so.5 (0x00007ff23572c000)
libresolv.so.2 => /lib64/libresolv.so.2 (0x00007ff235512000)
libfam.so.0 => /lib64/libfam.so.0 (0x00007ff235309000)
libdbus-1.so.3 => /lib64/libdbus-1.so.3 (0x00007ff2350c1000)
libdl.so.2 => /lib64/libdl.so.2 (0x00007ff234ebd000)
libgthread-2.0.so.0 => /lib64/libgthread-2.0.so.0 (0x00007ff234cba000)
libglib-2.0.so.0 => /lib64/libglib-2.0.so.0 (0x00007ff234987000)
librt.so.1 => /lib64/librt.so.1 (0x00007ff23477f000)
/lib64/ld-linux-x86-64.so.2 (0x00007ff237d73000)
libssl.so.10 => /lib64/libssl.so.10 (0x00007ff234511000)
libcrypto.so.10 => /lib64/libcrypto.so.10 (0x00007ff23412a000)
libgssapi_krb5.so.2 => /lib64/libgssapi_krb5.so.2 (0x00007ff233edd000)
libkrb5.so.3 => /lib64/libkrb5.so.3 (0x00007ff233bfa000)
libcom_err.so.2 => /lib64/libcom_err.so.2 (0x00007ff2339f6000)
libk5crypto.so.3 => /lib64/libk5crypto.so.3 (0x00007ff2337c3000)
libkrb5support.so.0 => /lib64/libkrb5support.so.0 (0x00007ff2335b4000)
libkeyutils.so.1 => /lib64/libkeyutils.so.1 (0x00007ff2333b0000)
libselinux.so.1 => /lib64/libselinux.so.1 (0x00007ff23318a000)
libpcre.so.1 => /lib64/libpcre.so.1 (0x00007ff232f29000)

$ ldd ksystraycmd
linux-vdso.so.1 =>  (0x00007ffc9a117000)
libkdeui.so.5 => /lib64/libkdeui.so.5 (0x00007fedffca9000)
libX11.so.6 => /lib64/libX11.so.6 (0x00007fedff96b000)
libkdecore.so.5 => /lib64/libkdecore.so.5 (0x00007fedff486000)
libQtDBus.so.4 => /lib64/libQtDBus.so.4 (0x00007fedff208000)
libQtCore.so.4 => /lib64/libQtCore.so.4 (0x00007fedfed1d000)
libpthread.so.0 => /lib64/libpthread.so.0 (0x00007fedfeb00000)
libQtGui.so.4 => /lib64/libQtGui.so.4 (0x00007fedfde24000)
libQtSvg.so.4 => /lib64/libQtSvg.so.4 (0x00007fedfdbcc000)
libstdc++.so.6 => /lib64/libstdc++.so.6 (0x00007fedfd8c4000)
libm.so.6 => /lib64/libm.so.6 (0x00007fedfd5c2000)
libgcc_s.so.1 => /lib64/libgcc_s.so.1 (0x00007fedfd3ac000)
libc.so.6 => /lib64/libc.so.6 (0x00007fedfcfea000)
libSM.so.6 => /lib64/libSM.so.6 (0x00007fedfcde2000)
libICE.so.6 => /lib64/libICE.so.6 (0x00007fedfcbc6000)
libXext.so.6 => /lib64/libXext.so.6 (0x00007fedfc9b3000)
libXft.so.2 => /lib64/libXft.so.2 (0x00007fedfc79d000)
libXau.so.6 => /lib64/libXau.so.6 (0x00007fedfc599000)
libXpm.so.4 => /lib64/libXpm.so.4 (0x00007fedfc386000)
libQtXml.so.4 => /lib64/libQtXml.so.4 (0x00007fedfc142000)
libqca.so.2 => /lib64/libqca.so.2 (0x00007fedfbe2a000)
libattica.so.0.4 => /lib64/libattica.so.0.4 (0x00007fedfbb30000)
libQtNetwork.so.4 => /lib64/libQtNetwork.so.4 (0x00007fedfb7e9000)
libdbusmenu-qt.so.2 => /lib64/libdbusmenu-qt.so.2 (0x00007fedfb5b8000)
libXtst.so.6 => /lib64/libXtst.so.6 (0x00007fedfb3b1000)
libXcursor.so.1 => /lib64/libXcursor.so.1 (0x00007fedfb1a6000)
libXfixes.so.3 => /lib64/libXfixes.so.3 (0x00007fedfafa0000)
libXrender.so.1 => /lib64/libXrender.so.1 (0x00007fedfad95000)
libxcb.so.1 => /lib64/libxcb.so.1 (0x00007fedfab74000)
libdl.so.2 => /lib64/libdl.so.2 (0x00007fedfa970000)
libz.so.1 => /lib64/libz.so.1 (0x00007fedfa759000)
libbz2.so.1 => /lib64/libbz2.so.1 (0x00007fedfa549000)
liblzma.so.5 => /lib64/liblzma.so.5 (0x00007fedfa324000)
libresolv.so.2 => /lib64/libresolv.so.2 (0x00007fedfa109000)
libfam.so.0 => /lib64/libfam.so.0 (0x00007fedf9f01000)
libdbus-1.so.3 => /lib64/libdbus-1.so.3 (0x00007fedf9cb9000)
libgthread-2.0.so.0 => /lib64/libgthread-2.0.so.0 (0x00007fedf9ab6000)
libglib-2.0.so.0 => /lib64/libglib-2.0.so.0 (0x00007fedf9783000)
librt.so.1 => /lib64/librt.so.1 (0x00007fedf957b000)
/lib64/ld-linux-x86-64.so.2 (0x00007fee00357000)
libpng15.so.15 => /lib64/libpng15.so.15 (0x00007fedf934f000)
libfreetype.so.6 => /lib64/libfreetype.so.6 (0x00007fedf90a9000)
libgobject-2.0.so.0 => /lib64/libgobject-2.0.so.0 (0x00007fedf8e59000)
libXi.so.6 => /lib64/libXi.so.6 (0x00007fedf8c48000)
libXrandr.so.2 => /lib64/libXrandr.so.2 (0x00007fedf8a3e000)
libXinerama.so.1 => /lib64/libXinerama.so.1 (0x00007fedf883b000)
libfontconfig.so.1 => /lib64/libfontconfig.so.1 (0x00007fedf85fe000)
libuuid.so.1 => /lib64/libuuid.so.1 (0x00007fedf83f9000)
libssl.so.10 => /lib64/libssl.so.10 (0x00007fedf818b000)
libcrypto.so.10 => /lib64/libcrypto.so.10 (0x00007fedf7da4000)
libffi.so.6 => /lib64/libffi.so.6 (0x00007fedf7b9b000)
libexpat.so.1 => /lib64/libexpat.so.1 (0x00007fedf7971000)
libgssapi_krb5.so.2 => /lib64/libgssapi_krb5.so.2 (0x00007fedf7724000)
libkrb5.so.3 => /lib64/libkrb5.so.3 (0x00007fedf7441000)
libcom_err.so.2 => /lib64/libcom_err.so.2 (0x00007fedf723d000)
libk5crypto.so.3 => /lib64/libk5crypto.so.3 (0x00007fedf700a000)
libkrb5support.so.0 => /lib64/libkrb5support.so.0 (0x00007fedf6dfb000)
libkeyutils.so.1 => /lib64/libkeyutils.so.1 (0x00007fedf6bf7000)
libselinux.so.1 => /lib64/libselinux.so.1 (0x00007fedf69d1000)
libpcre.so.1 => /lib64/libpcre.so.1 (0x00007fedf6770000)

$ ldd lpq.cups
linux-vdso.so.1 =>  (0x00007ffc77386000)
libcups.so.2 => /lib64/libcups.so.2 (0x00007f3ebb39e000)
libgssapi_krb5.so.2 => /lib64/libgssapi_krb5.so.2 (0x00007f3ebb152000)
libkrb5.so.3 => /lib64/libkrb5.so.3 (0x00007f3ebae6e000)
libk5crypto.so.3 => /lib64/libk5crypto.so.3 (0x00007f3ebac3c000)
libcom_err.so.2 => /lib64/libcom_err.so.2 (0x00007f3ebaa38000)
libssl.so.10 => /lib64/libssl.so.10 (0x00007f3eba7ca000)
libcrypto.so.10 => /lib64/libcrypto.so.10 (0x00007f3eba3e3000)
libavahi-common.so.3 => /lib64/libavahi-common.so.3 (0x00007f3eba1d6000)
libavahi-client.so.3 => /lib64/libavahi-client.so.3 (0x00007f3eb9fc4000)
libz.so.1 => /lib64/libz.so.1 (0x00007f3eb9dae000)
libpthread.so.0 => /lib64/libpthread.so.0 (0x00007f3eb9b92000)
libm.so.6 => /lib64/libm.so.6 (0x00007f3eb988f000)
libcrypt.so.1 => /lib64/libcrypt.so.1 (0x00007f3eb9658000)
libaudit.so.1 => /lib64/libaudit.so.1 (0x00007f3eb9431000)
libselinux.so.1 => /lib64/libselinux.so.1 (0x00007f3eb920b000)
libc.so.6 => /lib64/libc.so.6 (0x00007f3eb8e4a000)
libkrb5support.so.0 => /lib64/libkrb5support.so.0 (0x00007f3eb8c3b000)
libdl.so.2 => /lib64/libdl.so.2 (0x00007f3eb8a36000)
libkeyutils.so.1 => /lib64/libkeyutils.so.1 (0x00007f3eb8832000)
libresolv.so.2 => /lib64/libresolv.so.2 (0x00007f3eb8618000)
/lib64/ld-linux-x86-64.so.2 (0x00007f3ebb830000)
libdbus-1.so.3 => /lib64/libdbus-1.so.3 (0x00007f3eb83cf000)
libfreebl3.so => /lib64/libfreebl3.so (0x00007f3eb81cc000)
libpcre.so.1 => /lib64/libpcre.so.1 (0x00007f3eb7f6a000)
liblzma.so.5 => /lib64/liblzma.so.5 (0x00007f3eb7d45000)
librt.so.1 => /lib64/librt.so.1 (0x00007f3eb7b3d000)

$ ldd mkrfc2734
linux-vdso.so.1 =>  (0x00007ffc05f3b000)
librom1394.so.0 => /lib64/librom1394.so.0 (0x00007f0165ecf000)
libm.so.6 => /lib64/libm.so.6 (0x00007f0165bcd000)
libraw1394.so.11 => /lib64/libraw1394.so.11 (0x00007f01659bc000)
libc.so.6 => /lib64/libc.so.6 (0x00007f01655fb000)
/lib64/ld-linux-x86-64.so.2 (0x00007f01660f8000)

$ ldd nosetests
not a dynamic executable

$ ldd pamfixtrunc
linux-vdso.so.1 =>  (0x00007fffcd9fe000)
libnetpbm.so.11 => /lib64/libnetpbm.so.11 (0x00007f071f3c4000)
libm.so.6 => /lib64/libm.so.6 (0x00007f071f0c2000)
libc.so.6 => /lib64/libc.so.6 (0x00007f071ed00000)
/lib64/ld-linux-x86-64.so.2 (0x00007f071f622000)

$ ldd pbmtocmuwm
linux-vdso.so.1 =>  (0x00007ffd171fe000)
libnetpbm.so.11 => /lib64/libnetpbm.so.11 (0x00007fa11d1b0000)
libm.so.6 => /lib64/libm.so.6 (0x00007fa11ceae000)
libc.so.6 => /lib64/libc.so.6 (0x00007fa11caec000)
/lib64/ld-linux-x86-64.so.2 (0x00007fa11d40e000)

$ ldd pgmtoppm
linux-vdso.so.1 =>  (0x00007fff1e5e3000)
libnetpbm.so.11 => /lib64/libnetpbm.so.11 (0x00007f33b313f000)
libm.so.6 => /lib64/libm.so.6 (0x00007f33b2e3d000)
libc.so.6 => /lib64/libc.so.6 (0x00007f33b2a7b000)
/lib64/ld-linux-x86-64.so.2 (0x00007f33b339d000)

$ ldd pnmhistmap
linux-vdso.so.1 =>  (0x00007ffc971a8000)
libnetpbm.so.11 => /lib64/libnetpbm.so.11 (0x00007f93dc03a000)
libm.so.6 => /lib64/libm.so.6 (0x00007f93dbd38000)
libc.so.6 => /lib64/libc.so.6 (0x00007f93db976000)
/lib64/ld-linux-x86-64.so.2 (0x00007f93dc298000)

$ ldd ppmtoicr
linux-vdso.so.1 =>  (0x00007ffd3e0ce000)
libnetpbm.so.11 => /lib64/libnetpbm.so.11 (0x00007f2651d20000)
libm.so.6 => /lib64/libm.so.6 (0x00007f2651a1e000)
libc.so.6 => /lib64/libc.so.6 (0x00007f265165c000)
/lib64/ld-linux-x86-64.so.2 (0x00007f2651f7e000)

$ ldd quota
linux-vdso.so.1 =>  (0x00007fffa2ec1000)
libc.so.6 => /lib64/libc.so.6 (0x00007f4386f30000)
/lib64/ld-linux-x86-64.so.2 (0x00007f438752a000)

$ ldd rpmdev-sha256
not a dynamic executable

$ ldd sha512hmac
linux-vdso.so.1 =>  (0x00007ffe4fbfe000)
libssl3.so => /lib64/libssl3.so (0x00007fbfaf51a000)
libsmime3.so => /lib64/libsmime3.so (0x00007fbfaf2f3000)
libnss3.so => /lib64/libnss3.so (0x00007fbfaefcc000)
libnssutil3.so => /lib64/libnssutil3.so (0x00007fbfaeda0000)
libplds4.so => /lib64/libplds4.so (0x00007fbfaeb9c000)
libplc4.so => /lib64/libplc4.so (0x00007fbfae996000)
libnspr4.so => /lib64/libnspr4.so (0x00007fbfae758000)
libpthread.so.0 => /lib64/libpthread.so.0 (0x00007fbfae53c000)
libdl.so.2 => /lib64/libdl.so.2 (0x00007fbfae337000)
libc.so.6 => /lib64/libc.so.6 (0x00007fbfadf76000)
libz.so.1 => /lib64/libz.so.1 (0x00007fbfadd60000)
librt.so.1 => /lib64/librt.so.1 (0x00007fbfadb57000)
/lib64/ld-linux-x86-64.so.2 (0x00007fbfaf780000)

$ ldd sum
linux-vdso.so.1 =>  (0x00007ffd5607b000)
libc.so.6 => /lib64/libc.so.6 (0x00007fe33be84000)
/lib64/ld-linux-x86-64.so.2 (0x00007fe33c269000)

$ ldd timed-read
not a dynamic executable

$ ldd weather
not a dynamic executable

$ ldd xmltex
linux-vdso.so.1 =>  (0x00007ffd8b5dd000)
libpng15.so.15 => /lib64/libpng15.so.15 (0x00007f4738a7d000)
libz.so.1 => /lib64/libz.so.1 (0x00007f4738867000)
libpoppler.so.37 => /lib64/libpoppler.so.37 (0x00007f47383f8000)
libkpathsea.so.6 => /lib64/libkpathsea.so.6 (0x00007f47381df000)
libstdc++.so.6 => /lib64/libstdc++.so.6 (0x00007f4737ed8000)
libm.so.6 => /lib64/libm.so.6 (0x00007f4737bd5000)
libgcc_s.so.1 => /lib64/libgcc_s.so.1 (0x00007f47379bf000)
libc.so.6 => /lib64/libc.so.6 (0x00007f47375fe000)
liblcms2.so.2 => /lib64/liblcms2.so.2 (0x00007f4737396000)
libtiff.so.5 => /lib64/libtiff.so.5 (0x00007f4737123000)
libjpeg.so.62 => /lib64/libjpeg.so.62 (0x00007f4736ece000)
libopenjpeg.so.1 => /lib64/libopenjpeg.so.1 (0x00007f4736ca9000)
libfontconfig.so.1 => /lib64/libfontconfig.so.1 (0x00007f4736a6d000)
libfreetype.so.6 => /lib64/libfreetype.so.6 (0x00007f47367c7000)
/lib64/ld-linux-x86-64.so.2 (0x00007f4738ccc000)
libjbig.so.2.0 => /lib64/libjbig.so.2.0 (0x00007f47365ba000)
libexpat.so.1 => /lib64/libexpat.so.1 (0x00007f4736390000)
libpthread.so.0 => /lib64/libpthread.so.0 (0x00007f4736174000)

7. Put all the dynamic libraries (ommitting addresses) above into a text file,
sort them and remove duplicates.
$ cat ./dylib.txt | sed s/'([^)]*)'/''/g | sort -u
/lib64/ld-linux-x86-64.so.2
libattica.so.0.4 => /lib64/libattica.so.0.4
libaudit.so.1 => /lib64/libaudit.so.1
libavahi-client.so.3 => /lib64/libavahi-client.so.3
libavahi-common.so.3 => /lib64/libavahi-common.so.3
libbz2.so.1 => /lib64/libbz2.so.1
libcairo.so.2 => /lib64/libcairo.so.2
libcom_err.so.2 => /lib64/libcom_err.so.2
libcrypto.so.10 => /lib64/libcrypto.so.10
libcrypt.so.1 => /lib64/libcrypt.so.1
libc.so.6 => /lib64/libc.so.6
libcups.so.2 => /lib64/libcups.so.2
libdbus-1.so.3 => /lib64/libdbus-1.so.3
libdbusmenu-qt.so.2 => /lib64/libdbusmenu-qt.so.2
libdl.so.2 => /lib64/libdl.so.2
libdrm.so.2 => /lib64/libdrm.so.2
libdw.so.1 => /lib64/libdw.so.1
libEGL.so.1 => /lib64/libEGL.so.1
libelf.so.1 => /lib64/libelf.so.1
libexpat.so.1 => /lib64/libexpat.so.1
libfam.so.0 => /lib64/libfam.so.0
libffi.so.6 => /lib64/libffi.so.6
libfontconfig.so.1 => /lib64/libfontconfig.so.1
libfreebl3.so => /lib64/libfreebl3.so
libfreetype.so.6 => /lib64/libfreetype.so.6
libgbm.so.1 => /lib64/libgbm.so.1
libgcc_s.so.1 => /lib64/libgcc_s.so.1
libgdk_pixbuf-2.0.so.0 => /lib64/libgdk_pixbuf-2.0.so.0
libgio-2.0.so.0 => /lib64/libgio-2.0.so.0
libglapi.so.0 => /lib64/libglapi.so.0
libglib-2.0.so.0 => /lib64/libglib-2.0.so.0
libGL.so.1 => /lib64/libGL.so.1
libgmodule-2.0.so.0 => /lib64/libgmodule-2.0.so.0
libgobject-2.0.so.0 => /lib64/libgobject-2.0.so.0
libgomp.so.1 => /lib64/libgomp.so.1
libgraphite2.so.3 => /lib64/libgraphite2.so.3
libgssapi_krb5.so.2 => /lib64/libgssapi_krb5.so.2
libgthread-2.0.so.0 => /lib64/libgthread-2.0.so.0
libharfbuzz.so.0 => /lib64/libharfbuzz.so.0
libICE.so.6 => /lib64/libICE.so.6
libjbig.so.2.0 => /lib64/libjbig.so.2.0
libjpeg.so.62 => /lib64/libjpeg.so.62
libk5crypto.so.3 => /lib64/libk5crypto.so.3
libkdecore.so.5 => /lib64/libkdecore.so.5
libkdeui.so.5 => /lib64/libkdeui.so.5
libkeyutils.so.1 => /lib64/libkeyutils.so.1
libkpathsea.so.6 => /lib64/libkpathsea.so.6
libkrb5.so.3 => /lib64/libkrb5.so.3
libkrb5support.so.0 => /lib64/libkrb5support.so.0
liblcms2.so.2 => /lib64/liblcms2.so.2
libltdl.so.7 => /lib64/libltdl.so.7
liblzma.so.5 => /lib64/liblzma.so.5
libMagickCore.so.5 => /lib64/libMagickCore.so.5
libMagickWand.so.5 => /lib64/libMagickWand.so.5
libm.so.6 => /lib64/libm.so.6
libnetpbm.so.11 => /lib64/libnetpbm.so.11
libnspr4.so => /lib64/libnspr4.so
libnss3.so => /lib64/libnss3.so
libnssutil3.so => /lib64/libnssutil3.so
libopenjpeg.so.1 => /lib64/libopenjpeg.so.1
libpcre.so.1 => /lib64/libpcre.so.1
libpixman-1.so.0 => /lib64/libpixman-1.so.0
libplc4.so => /lib64/libplc4.so
libplds4.so => /lib64/libplds4.so
libpng15.so.15 => /lib64/libpng15.so.15
libpoppler.so.37 => /lib64/libpoppler.so.37
libpthread.so.0 => /lib64/libpthread.so.0
libqca.so.2 => /lib64/libqca.so.2
libQtCore.so.4 => /lib64/libQtCore.so.4
libQtDBus.so.4 => /lib64/libQtDBus.so.4
libQtGui.so.4 => /lib64/libQtGui.so.4
libQtNetwork.so.4 => /lib64/libQtNetwork.so.4
libQtSvg.so.4 => /lib64/libQtSvg.so.4
libQtXml.so.4 => /lib64/libQtXml.so.4
libraw1394.so.11 => /lib64/libraw1394.so.11
libresolv.so.2 => /lib64/libresolv.so.2
librom1394.so.0 => /lib64/librom1394.so.0
librt.so.1 => /lib64/librt.so.1
libselinux.so.1 => /lib64/libselinux.so.1
libsmime3.so => /lib64/libsmime3.so
libSM.so.6 => /lib64/libSM.so.6
libssl3.so => /lib64/libssl3.so
libssl.so.10 => /lib64/libssl.so.10
libstdc++.so.6 => /lib64/libstdc++.so.6
libtic.so.5 => /lib64/libtic.so.5
libtiff.so.5 => /lib64/libtiff.so.5
libtinfo.so.5 => /lib64/libtinfo.so.5
libuuid.so.1 => /lib64/libuuid.so.1
libX11.so.6 => /lib64/libX11.so.6
libX11-xcb.so.1 => /lib64/libX11-xcb.so.1
libXau.so.6 => /lib64/libXau.so.6
libxcb-dri2.so.0 => /lib64/libxcb-dri2.so.0
libxcb-glx.so.0 => /lib64/libxcb-glx.so.0
libxcb-render.so.0 => /lib64/libxcb-render.so.0
libxcb-shape.so.0 => /lib64/libxcb-shape.so.0
libxcb-shm.so.0 => /lib64/libxcb-shm.so.0
libxcb.so.1 => /lib64/libxcb.so.1
libxcb-xfixes.so.0 => /lib64/libxcb-xfixes.so.0
libXcursor.so.1 => /lib64/libXcursor.so.1
libXdamage.so.1 => /lib64/libXdamage.so.1
libXext.so.6 => /lib64/libXext.so.6
libXfixes.so.3 => /lib64/libXfixes.so.3
libXft.so.2 => /lib64/libXft.so.2
libXinerama.so.1 => /lib64/libXinerama.so.1
libXi.so.6 => /lib64/libXi.so.6
libXpm.so.4 => /lib64/libXpm.so.4
libXrandr.so.2 => /lib64/libXrandr.so.2
libXrender.so.1 => /lib64/libXrender.so.1
libXt.so.6 => /lib64/libXt.so.6
libXtst.so.6 => /lib64/libXtst.so.6
libXxf86vm.so.1 => /lib64/libXxf86vm.so.1
libz.so.1 => /lib64/libz.so.1
linux-vdso.so.1 =>
